Collecting ipykernel
  Downloading ipykernel-7.4.0-py3-none-any.whl.metadata (3.4 kB)
Collecting pandas<3.0,>=2.0 (from -r takemeter/requirements.txt (line 10))
  Downloading pandas-2.3.3-cp312-cp312-manylinux_2_24_x86_64.manylinux_2_28_x86_64.whl.metadata (91 kB)
Collecting transformers<5.0,>=4.44 (from -r takemeter/requirements.txt (line 14))
  Downloading transformers-4.57.6-py3-none-any.whl.metadata (43 kB)
Collecting datasets<4.0,>=2.20 (from -r takemeter/requirements.txt (line 19))
  Downloading datasets-3.6.0-py3-none-any.whl.metadata (19 kB)
Collecting accelerate<2.0,>=0.30 (from -r takemeter/requirements.txt (line 20))
  Downloading accelerate-1.15.0-py3-none-any.whl.metadata (19 kB)
Requirement already satisfied: torch<3.0,>=2.2 in ./takemeter/.venv/lib/python3.12/site-packages (from -r takemeter/requirements.txt (line 25)) (2.14.1+cpu)
Collecting scikit-learn<2.0,>=1.3 (from -r takemeter/requirements.txt (line 28))
  Downloading scikit_learn-1.9.1-cp312-cp312-manylinux_2_27_x86_64.manylinux_2_28_x86_64.whl.metadata (9.3 kB)
Collecting comm>=0.1.1 (from ipykernel)
  Downloading comm-0.2.3-py3-none-any.whl.metadata (3.7 kB)
Collecting debugpy>=1.6.5 (from ipykernel)
  Downloading debugpy-1.8.22-cp312-cp312-manylinux_2_34_x86_64.whl.metadata (1.4 kB)
Collecting ipython>=7.23.1 (from ipykernel)
  Downloading ipython-9.17.1-py3-none-any.whl.metadata (4.6 kB)
Collecting jupyter-client>=8.9.0 (from ipykernel)
  Downloading jupyter_client-8.10.0-py3-none-any.whl.metadata (8.5 kB)
Collecting jupyter-core!=6.0.*,>=5.1 (from ipykernel)
  Downloading jupyter_core-5.9.1-py3-none-any.whl.metadata (1.5 kB)
Collecting matplotlib-inline>=0.1 (from ipykernel)
  Downloading matplotlib_inline-0.2.2-py3-none-any.whl.metadata (2.4 kB)
Collecting nest-asyncio2>=1.7.0 (from ipykernel)
  Downloading nest_asyncio2-1.7.3-py3-none-any.whl.metadata (6.7 kB)
Collecting packaging>=22 (from ipykernel)
  Downloading packaging-26.3-py3-none-any.whl.metadata (3.5 kB)
Collecting pyzmq>=25 (from ipykernel)
  Downloading pyzmq-27.2.0-cp312-abi3-manylinux_2_26_x86_64.manylinux_2_28_x86_64.whl.metadata (3.8 kB)
Collecting tornado>=6.5.7 (from ipykernel)
  Downloading tornado-6.5.10-cp39-abi3-manylinux1_x86_64.manylinux_2_28_x86_64.manylinux_2_5_x86_64.whl.metadata (2.8 kB)
Collecting traitlets>=5.4.0 (from ipykernel)
  Downloading traitlets-5.16.1-py3-none-any.whl.metadata (10 kB)
Collecting numpy>=1.26.0 (from pandas<3.0,>=2.0->-r takemeter/requirements.txt (line 10))
  Downloading numpy-2.5.3-cp312-cp312-manylinux_2_27_x86_64.manylinux_2_28_x86_64.whl.metadata (6.6 kB)
Collecting python-dateutil>=2.8.2 (from pandas<3.0,>=2.0->-r takemeter/requirements.txt (line 10))
  Downloading python_dateutil-2.9.0.post0-py2.py3-none-any.whl.metadata (8.4 kB)
Collecting pytz>=2020.1 (from pandas<3.0,>=2.0->-r takemeter/requirements.txt (line 10))
  Downloading pytz-2026.4-py2.py3-none-any.whl.metadata (22 kB)
Collecting tzdata>=2022.7 (from pandas<3.0,>=2.0->-r takemeter/requirements.txt (line 10))
  Downloading tzdata-2026.5-py2.py3-none-any.whl.metadata (1.4 kB)
Requirement already satisfied: filelock in ./takemeter/.venv/lib/python3.12/site-packages (from transformers<5.0,>=4.44->-r takemeter/requirements.txt (line 14)) (3.32.3)
Collecting huggingface-hub<1.0,>=0.34.0 (from transformers<5.0,>=4.44->-r takemeter/requirements.txt (line 14))
  Downloading huggingface_hub-0.36.2-py3-none-any.whl.metadata (15 kB)
Collecting pyyaml>=5.1 (from transformers<5.0,>=4.44->-r takemeter/requirements.txt (line 14))
  Downloading pyyaml-6.0.3-cp312-cp312-manylinux2014_x86_64.manylinux_2_17_x86_64.manylinux_2_28_x86_64.whl.metadata (2.4 kB)
Collecting regex!=2019.12.17 (from transformers<5.0,>=4.44->-r takemeter/requirements.txt (line 14))
  Downloading regex-2026.9.29-cp312-cp312-manylinux2014_x86_64.manylinux_2_17_x86_64.manylinux_2_28_x86_64.whl.metadata (40 kB)
Collecting requests (from transformers<5.0,>=4.44->-r takemeter/requirements.txt (line 14))
  Downloading requests-2.34.2-py3-none-any.whl.metadata (4.8 kB)
Collecting tokenizers<=0.23.0,>=0.22.0 (from transformers<5.0,>=4.44->-r takemeter/requirements.txt (line 14))
  Downloading tokenizers-0.22.2-cp39-abi3-manylinux_2_17_x86_64.manylinux2014_x86_64.whl.metadata (7.3 kB)
Collecting safetensors>=0.4.3 (from transformers<5.0,>=4.44->-r takemeter/requirements.txt (line 14))
  Downloading safetensors-0.8.0-cp310-abi3-manylinux_2_17_x86_64.manylinux2014_x86_64.whl.metadata (4.2 kB)
Collecting tqdm>=4.27 (from transformers<5.0,>=4.44->-r takemeter/requirements.txt (line 14))
  Downloading tqdm-4.70.1-py3-none-any.whl.metadata (57 kB)
Collecting pyarrow>=15.0.0 (from datasets<4.0,>=2.20->-r takemeter/requirements.txt (line 19))
  Downloading pyarrow-25.0.1-cp312-cp312-manylinux_2_28_x86_64.whl.metadata (3.0 kB)
Collecting dill<0.3.9,>=0.3.0 (from datasets<4.0,>=2.20->-r takemeter/requirements.txt (line 19))
  Downloading dill-0.3.8-py3-none-any.whl.metadata (10 kB)
Collecting xxhash (from datasets<4.0,>=2.20->-r takemeter/requirements.txt (line 19))
  Downloading xxhash-4.0.1-cp312-cp312-manylinux2014_x86_64.manylinux_2_17_x86_64.manylinux_2_28_x86_64.whl.metadata (17 kB)
Collecting multiprocess<0.70.17 (from datasets<4.0,>=2.20->-r takemeter/requirements.txt (line 19))
  Downloading multiprocess-0.70.16-py312-none-any.whl.metadata (7.2 kB)
Collecting fsspec<=2025.3.0,>=2023.1.0 (from fsspec[http]<=2025.3.0,>=2023.1.0->datasets<4.0,>=2.20->-r takemeter/requirements.txt (line 19))
  Downloading fsspec-2025.3.0-py3-none-any.whl.metadata (11 kB)
Collecting psutil (from accelerate<2.0,>=0.30->-r takemeter/requirements.txt (line 20))
  Downloading psutil-7.2.2-cp36-abi3-manylinux2010_x86_64.manylinux_2_12_x86_64.manylinux_2_28_x86_64.whl.metadata (22 kB)
Requirement already satisfied: typing-extensions>=4.10.0 in ./takemeter/.venv/lib/python3.12/site-packages (from torch<3.0,>=2.2->-r takemeter/requirements.txt (line 25)) (4.16.0)
Requirement already satisfied: setuptools>=77.0.3 in ./takemeter/.venv/lib/python3.12/site-packages (from torch<3.0,>=2.2->-r takemeter/requirements.txt (line 25)) (78.1.0)
Requirement already satisfied: sympy>=1.13.3 in ./takemeter/.venv/lib/python3.12/site-packages (from torch<3.0,>=2.2->-r takemeter/requirements.txt (line 25)) (1.14.0)
Requirement already satisfied: networkx>=2.5.1 in ./takemeter/.venv/lib/python3.12/site-packages (from torch<3.0,>=2.2->-r takemeter/requirements.txt (line 25)) (3.6.1)
Requirement already satisfied: jinja2 in ./takemeter/.venv/lib/python3.12/site-packages (from torch<3.0,>=2.2->-r takemeter/requirements.txt (line 25)) (3.1.6)
Collecting scipy>=1.10.0 (from scikit-learn<2.0,>=1.3->-r takemeter/requirements.txt (line 28))
  Downloading scipy-1.18.1-cp312-cp312-manylinux_2_27_x86_64.manylinux_2_28_x86_64.whl.metadata (62 kB)
Collecting joblib>=1.4.0 (from scikit-learn<2.0,>=1.3->-r takemeter/requirements.txt (line 28))
  Downloading joblib-1.6.0-py3-none-any.whl.metadata (6.5 kB)
Collecting narwhals>=2.0.1 (from scikit-learn<2.0,>=1.3->-r takemeter/requirements.txt (line 28))
  Downloading narwhals-2.26.0-py3-none-any.whl.metadata (15 kB)
Collecting threadpoolctl>=3.5.0 (from scikit-learn<2.0,>=1.3->-r takemeter/requirements.txt (line 28))
  Downloading threadpoolctl-3.7.0-py3-none-any.whl.metadata (24 kB)
Collecting aiohttp!=4.0.0a0,!=4.0.0a1 (from fsspec[http]<=2025.3.0,>=2023.1.0->datasets<4.0,>=2.20->-r takemeter/requirements.txt (line 19))
  Downloading aiohttp-3.14.3-cp312-cp312-manylinux2014_x86_64.manylinux_2_17_x86_64.manylinux_2_28_x86_64.whl.metadata (8.3 kB)
Collecting hf-xet<2.0.0,>=1.1.3 (from huggingface-hub<1.0,>=0.34.0->transformers<5.0,>=4.44->-r takemeter/requirements.txt (line 14))
  Downloading hf_xet-1.6.0-cp38-abi3-manylinux2014_x86_64.manylinux_2_17_x86_64.whl.metadata (4.9 kB)
Collecting ipython-pygments-lexers>=1.0.0 (from ipython>=7.23.1->ipykernel)
  Downloading ipython_pygments_lexers-1.1.1-py3-none-any.whl.metadata (1.1 kB)
Collecting jedi>=0.18.2 (from ipython>=7.23.1->ipykernel)
  Downloading jedi-0.20.0-py2.py3-none-any.whl.metadata (23 kB)
Collecting pexpect>4.6 (from ipython>=7.23.1->ipykernel)
  Downloading pexpect-4.9.0-py2.py3-none-any.whl.metadata (2.5 kB)
Collecting prompt_toolkit<3.1.0,>=3.0.41 (from ipython>=7.23.1->ipykernel)
  Downloading prompt_toolkit-3.0.53-py3-none-any.whl.metadata (6.4 kB)
Collecting pygments>=2.14.0 (from ipython>=7.23.1->ipykernel)
  Downloading pygments-2.21.0-py3-none-any.whl.metadata (2.5 kB)
Collecting stack_data>=0.6.0 (from ipython>=7.23.1->ipykernel)
  Downloading stack_data-0.6.3-py3-none-any.whl.metadata (18 kB)
Collecting cloudpickle>=3.0 (from joblib>=1.4.0->scikit-learn<2.0,>=1.3->-r takemeter/requirements.txt (line 28))
  Downloading cloudpickle-3.1.2-py3-none-any.whl.metadata (7.1 kB)
Collecting platformdirs>=2.5 (from jupyter-core!=6.0.*,>=5.1->ipykernel)
  Downloading platformdirs-4.12.2-py3-none-any.whl.metadata (5.5 kB)
Collecting six>=1.5 (from python-dateutil>=2.8.2->pandas<3.0,>=2.0->-r takemeter/requirements.txt (line 10))
  Downloading six-1.17.0-py2.py3-none-any.whl.metadata (1.7 kB)
Collecting charset_normalizer<4,>=2 (from requests->transformers<5.0,>=4.44->-r takemeter/requirements.txt (line 14))
  Downloading charset_normalizer-3.5.2-cp312-cp312-manylinux2014_x86_64.manylinux_2_17_x86_64.manylinux_2_28_x86_64.whl.metadata (46 kB)
Collecting idna<4,>=2.5 (from requests->transformers<5.0,>=4.44->-r takemeter/requirements.txt (line 14))
  Downloading idna-3.20-py3-none-any.whl.metadata (7.2 kB)
Collecting urllib3<3,>=1.26 (from requests->transformers<5.0,>=4.44->-r takemeter/requirements.txt (line 14))
  Downloading urllib3-2.8.0-py3-none-any.whl.metadata (7.4 kB)
Collecting certifi>=2023.5.7 (from requests->transformers<5.0,>=4.44->-r takemeter/requirements.txt (line 14))
  Downloading certifi-2026.7.22-py3-none-any.whl.metadata (2.5 kB)
Requirement already satisfied: mpmath<1.4,>=1.1.0 in ./takemeter/.venv/lib/python3.12/site-packages (from sympy>=1.13.3->torch<3.0,>=2.2->-r takemeter/requirements.txt (line 25)) (1.3.0)
Requirement already satisfied: MarkupSafe>=2.0 in ./takemeter/.venv/lib/python3.12/site-packages (from jinja2->torch<3.0,>=2.2->-r takemeter/requirements.txt (line 25)) (3.0.3)
Collecting aiohappyeyeballs>=2.5.0 (from aiohttp!=4.0.0a0,!=4.0.0a1->fsspec[http]<=2025.3.0,>=2023.1.0->datasets<4.0,>=2.20->-r takemeter/requirements.txt (line 19))
  Downloading aiohappyeyeballs-2.7.1-py3-none-any.whl.metadata (5.9 kB)
Collecting aiosignal>=1.4.0 (from aiohttp!=4.0.0a0,!=4.0.0a1->fsspec[http]<=2025.3.0,>=2023.1.0->datasets<4.0,>=2.20->-r takemeter/requirements.txt (line 19))
  Downloading aiosignal-1.4.0-py3-none-any.whl.metadata (3.7 kB)
Collecting attrs>=17.3.0 (from aiohttp!=4.0.0a0,!=4.0.0a1->fsspec[http]<=2025.3.0,>=2023.1.0->datasets<4.0,>=2.20->-r takemeter/requirements.txt (line 19))
  Downloading attrs-26.1.0-py3-none-any.whl.metadata (8.8 kB)
Collecting frozenlist>=1.1.1 (from aiohttp!=4.0.0a0,!=4.0.0a1->fsspec[http]<=2025.3.0,>=2023.1.0->datasets<4.0,>=2.20->-r takemeter/requirements.txt (line 19))
  Downloading frozenlist-1.8.0-cp312-cp312-manylinux1_x86_64.manylinux_2_28_x86_64.manylinux_2_5_x86_64.whl.metadata (20 kB)
Collecting multidict<7.0,>=4.5 (from aiohttp!=4.0.0a0,!=4.0.0a1->fsspec[http]<=2025.3.0,>=2023.1.0->datasets<4.0,>=2.20->-r takemeter/requirements.txt (line 19))
  Downloading multidict-6.9.1-cp312-cp312-manylinux2014_x86_64.manylinux_2_17_x86_64.manylinux_2_28_x86_64.whl.metadata (5.3 kB)
Collecting propcache>=0.2.0 (from aiohttp!=4.0.0a0,!=4.0.0a1->fsspec[http]<=2025.3.0,>=2023.1.0->datasets<4.0,>=2.20->-r takemeter/requirements.txt (line 19))
  Downloading propcache-0.5.4-cp312-cp312-manylinux2014_x86_64.manylinux_2_17_x86_64.manylinux_2_28_x86_64.whl.metadata (25 kB)
Collecting yarl<2.0,>=1.17.0 (from aiohttp!=4.0.0a0,!=4.0.0a1->fsspec[http]<=2025.3.0,>=2023.1.0->datasets<4.0,>=2.20->-r takemeter/requirements.txt (line 19))
  Downloading yarl-1.25.1-cp312-cp312-manylinux2014_x86_64.manylinux_2_17_x86_64.manylinux_2_28_x86_64.whl.metadata (111 kB)
Collecting parso<0.9.0,>=0.8.6 (from jedi>=0.18.2->ipython>=7.23.1->ipykernel)
  Downloading parso-0.8.7-py2.py3-none-any.whl.metadata (8.2 kB)
Collecting ptyprocess>=0.5 (from pexpect>4.6->ipython>=7.23.1->ipykernel)
  Downloading ptyprocess-0.7.0-py2.py3-none-any.whl.metadata (1.3 kB)
Collecting wcwidth>=0.1.4 (from prompt_toolkit<3.1.0,>=3.0.41->ipython>=7.23.1->ipykernel)
  Downloading wcwidth-0.9.1-cp310-abi3-manylinux2014_x86_64.manylinux_2_17_x86_64.whl.metadata (23 kB)
Collecting executing>=1.2.0 (from stack_data>=0.6.0->ipython>=7.23.1->ipykernel)
  Downloading executing-2.2.1-py2.py3-none-any.whl.metadata (8.9 kB)
Collecting asttokens>=2.1.0 (from stack_data>=0.6.0->ipython>=7.23.1->ipykernel)
  Downloading asttokens-3.0.2-py3-none-any.whl.metadata (5.7 kB)
Collecting pure-eval (from stack_data>=0.6.0->ipython>=7.23.1->ipykernel)
  Downloading pure_eval-0.2.4-py3-none-any.whl.metadata (6.4 kB)
Downloading ipykernel-7.4.0-py3-none-any.whl (123 kB)
Downloading pandas-2.3.3-cp312-cp312-manylinux_2_24_x86_64.manylinux_2_28_x86_64.whl (12.4 MB)
   ━━━━━━━━━━━━━━━━━━━━━━━━━━━━━━━━━━━━━━━━ 12.4/12.4 MB 65.5 MB/s eta 0:00:00
Downloading transformers-4.57.6-py3-none-any.whl (12.0 MB)
   ━━━━━━━━━━━━━━━━━━━━━━━━━━━━━━━━━━━━━━━━ 12.0/12.0 MB 67.4 MB/s eta 0:00:00
Downloading datasets-3.6.0-py3-none-any.whl (491 kB)
Downloading accelerate-1.15.0-py3-none-any.whl (394 kB)
Downloading scikit_learn-1.9.1-cp312-cp312-manylinux_2_27_x86_64.manylinux_2_28_x86_64.whl (9.2 MB)
   ━━━━━━━━━━━━━━━━━━━━━━━━━━━━━━━━━━━━━━━━ 9.2/9.2 MB 65.7 MB/s eta 0:00:00
Downloading comm-0.2.3-py3-none-any.whl (7.3 kB)
Downloading debugpy-1.8.22-cp312-cp312-manylinux_2_34_x86_64.whl (4.0 MB)
   ━━━━━━━━━━━━━━━━━━━━━━━━━━━━━━━━━━━━━━━━ 4.0/4.0 MB 46.7 MB/s eta 0:00:00
Downloading dill-0.3.8-py3-none-any.whl (116 kB)
Downloading fsspec-2025.3.0-py3-none-any.whl (193 kB)
Downloading huggingface_hub-0.36.2-py3-none-any.whl (566 kB)
   ━━━━━━━━━━━━━━━━━━━━━━━━━━━━━━━━━━━━━━━━ 566.4/566.4 kB 7.3 MB/s eta 0:00:00
Downloading ipython-9.17.1-py3-none-any.whl (639 kB)
   ━━━━━━━━━━━━━━━━━━━━━━━━━━━━━━━━━━━━━━━━ 639.0/639.0 kB 8.4 MB/s eta 0:00:00
Downloading joblib-1.6.0-py3-none-any.whl (306 kB)
Downloading jupyter_client-8.10.0-py3-none-any.whl (110 kB)
Downloading jupyter_core-5.9.1-py3-none-any.whl (29 kB)
Downloading matplotlib_inline-0.2.2-py3-none-any.whl (9.5 kB)
Downloading multiprocess-0.70.16-py312-none-any.whl (146 kB)
Downloading narwhals-2.26.0-py3-none-any.whl (474 kB)
Downloading nest_asyncio2-1.7.3-py3-none-any.whl (8.4 kB)
Downloading numpy-2.5.3-cp312-cp312-manylinux_2_27_x86_64.manylinux_2_28_x86_64.whl (16.7 MB)
   ━━━━━━━━━━━━━━━━━━━━━━━━━━━━━━━━━━━━━━━━ 16.7/16.7 MB 57.8 MB/s eta 0:00:00
Downloading packaging-26.3-py3-none-any.whl (129 kB)
Downloading psutil-7.2.2-cp36-abi3-manylinux2010_x86_64.manylinux_2_12_x86_64.manylinux_2_28_x86_64.whl (155 kB)
Downloading pyarrow-25.0.1-cp312-cp312-manylinux_2_28_x86_64.whl (50.1 MB)
   ━━━━━━━━━━━━━━━━━━━━━━━━━━━━━━━━━━━━━━━━ 50.1/50.1 MB 81.1 MB/s eta 0:00:00
Downloading python_dateutil-2.9.0.post0-py2.py3-none-any.whl (229 kB)
Downloading pytz-2026.4-py2.py3-none-any.whl (506 kB)
Downloading pyyaml-6.0.3-cp312-cp312-manylinux2014_x86_64.manylinux_2_17_x86_64.manylinux_2_28_x86_64.whl (807 kB)
   ━━━━━━━━━━━━━━━━━━━━━━━━━━━━━━━━━━━━━━━━ 807.9/807.9 kB 12.3 MB/s eta 0:00:00
Downloading pyzmq-27.2.0-cp312-abi3-manylinux_2_26_x86_64.manylinux_2_28_x86_64.whl (872 kB)
   ━━━━━━━━━━━━━━━━━━━━━━━━━━━━━━━━━━━━━━━━ 872.3/872.3 kB 10.0 MB/s eta 0:00:00
Downloading regex-2026.9.29-cp312-cp312-manylinux2014_x86_64.manylinux_2_17_x86_64.manylinux_2_28_x86_64.whl (807 kB)
   ━━━━━━━━━━━━━━━━━━━━━━━━━━━━━━━━━━━━━━━━ 807.8/807.8 kB 11.7 MB/s eta 0:00:00
Downloading requests-2.34.2-py3-none-any.whl (73 kB)
Downloading safetensors-0.8.0-cp310-abi3-manylinux_2_17_x86_64.manylinux2014_x86_64.whl (516 kB)
Downloading scipy-1.18.1-cp312-cp312-manylinux_2_27_x86_64.manylinux_2_28_x86_64.whl (35.3 MB)
   ━━━━━━━━━━━━━━━━━━━━━━━━━━━━━━━━━━━━━━━━ 35.3/35.3 MB 102.2 MB/s eta 0:00:00
Downloading threadpoolctl-3.7.0-py3-none-any.whl (26 kB)
Downloading tokenizers-0.22.2-cp39-abi3-manylinux_2_17_x86_64.manylinux2014_x86_64.whl (3.3 MB)
   ━━━━━━━━━━━━━━━━━━━━━━━━━━━━━━━━━━━━━━━━ 3.3/3.3 MB 36.4 MB/s eta 0:00:00
Downloading tornado-6.5.10-cp39-abi3-manylinux1_x86_64.manylinux_2_28_x86_64.manylinux_2_5_x86_64.whl (467 kB)
Downloading tqdm-4.70.1-py3-none-any.whl (80 kB)
Downloading traitlets-5.16.1-py3-none-any.whl (86 kB)
Downloading tzdata-2026.5-py2.py3-none-any.whl (347 kB)
Downloading xxhash-4.0.1-cp312-cp312-manylinux2014_x86_64.manylinux_2_17_x86_64.manylinux_2_28_x86_64.whl (261 kB)
Downloading aiohttp-3.14.3-cp312-cp312-manylinux2014_x86_64.manylinux_2_17_x86_64.manylinux_2_28_x86_64.whl (1.8 MB)
   ━━━━━━━━━━━━━━━━━━━━━━━━━━━━━━━━━━━━━━━━ 1.8/1.8 MB 31.4 MB/s eta 0:00:00
Downloading certifi-2026.7.22-py3-none-any.whl (136 kB)
Downloading charset_normalizer-3.5.2-cp312-cp312-manylinux2014_x86_64.manylinux_2_17_x86_64.manylinux_2_28_x86_64.whl (257 kB)
Downloading cloudpickle-3.1.2-py3-none-any.whl (22 kB)
Downloading hf_xet-1.6.0-cp38-abi3-manylinux2014_x86_64.manylinux_2_17_x86_64.whl (4.5 MB)
   ━━━━━━━━━━━━━━━━━━━━━━━━━━━━━━━━━━━━━━━━ 4.5/4.5 MB 33.5 MB/s eta 0:00:00
Downloading idna-3.20-py3-none-any.whl (69 kB)
Downloading ipython_pygments_lexers-1.1.1-py3-none-any.whl (8.1 kB)
Downloading jedi-0.20.0-py2.py3-none-any.whl (4.9 MB)
   ━━━━━━━━━━━━━━━━━━━━━━━━━━━━━━━━━━━━━━━━ 4.9/4.9 MB 52.3 MB/s eta 0:00:00
Downloading pexpect-4.9.0-py2.py3-none-any.whl (63 kB)
Downloading platformdirs-4.12.2-py3-none-any.whl (32 kB)
Downloading prompt_toolkit-3.0.53-py3-none-any.whl (392 kB)
Downloading pygments-2.21.0-py3-none-any.whl (1.3 MB)
   ━━━━━━━━━━━━━━━━━━━━━━━━━━━━━━━━━━━━━━━━ 1.3/1.3 MB 20.9 MB/s eta 0:00:00
Downloading six-1.17.0-py2.py3-none-any.whl (11 kB)
Downloading stack_data-0.6.3-py3-none-any.whl (24 kB)
Downloading urllib3-2.8.0-py3-none-any.whl (135 kB)
Downloading aiohappyeyeballs-2.7.1-py3-none-any.whl (15 kB)
Downloading aiosignal-1.4.0-py3-none-any.whl (7.5 kB)
Downloading asttokens-3.0.2-py3-none-any.whl (28 kB)
Downloading attrs-26.1.0-py3-none-any.whl (67 kB)
Downloading executing-2.2.1-py2.py3-none-any.whl (28 kB)
Downloading frozenlist-1.8.0-cp312-cp312-manylinux1_x86_64.manylinux_2_28_x86_64.manylinux_2_5_x86_64.whl (242 kB)
Downloading multidict-6.9.1-cp312-cp312-manylinux2014_x86_64.manylinux_2_17_x86_64.manylinux_2_28_x86_64.whl (336 kB)
Downloading parso-0.8.7-py2.py3-none-any.whl (107 kB)
Downloading propcache-0.5.4-cp312-cp312-manylinux2014_x86_64.manylinux_2_17_x86_64.manylinux_2_28_x86_64.whl (250 kB)
Downloading ptyprocess-0.7.0-py2.py3-none-any.whl (13 kB)
Downloading wcwidth-0.9.1-cp310-abi3-manylinux2014_x86_64.manylinux_2_17_x86_64.whl (768 kB)
   ━━━━━━━━━━━━━━━━━━━━━━━━━━━━━━━━━━━━━━━━ 768.4/768.4 kB 11.9 MB/s eta 0:00:00
Downloading yarl-1.25.1-cp312-cp312-manylinux2014_x86_64.manylinux_2_17_x86_64.manylinux_2_28_x86_64.whl (117 kB)
Downloading pure_eval-0.2.4-py3-none-any.whl (11 kB)
Installing collected packages: pytz, pure-eval, ptyprocess, xxhash, wcwidth, urllib3, tzdata, traitlets, tqdm, tornado, threadpoolctl, six, safetensors, regex, pyzmq, pyyaml, pygments, pyarrow, psutil, propcache, platformdirs, pexpect, parso, packaging, numpy, nest-asyncio2, narwhals, multidict, idna, hf-xet, fsspec, frozenlist, executing, dill, debugpy, comm, cloudpickle, charset_normalizer, certifi, attrs, asttokens, aiohappyeyeballs, yarl, stack_data, scipy, requests, python-dateutil, prompt_toolkit, multiprocess, matplotlib-inline, jupyter-core, joblib, jedi, ipython-pygments-lexers, aiosignal, scikit-learn, pandas, jupyter-client, ipython, huggingface-hub, aiohttp, tokenizers, ipykernel, accelerate, transformers, datasets
  Attempting uninstall: fsspec
    Found existing installation: fsspec 2026.7.0
    Uninstalling fsspec-2026.7.0:
      Successfully uninstalled fsspec-2026.7.0
Successfully installed accelerate-1.15.0 aiohappyeyeballs-2.7.1 aiohttp-3.14.3 aiosignal-1.4.0 asttokens-3.0.2 attrs-26.1.0 certifi-2026.7.22 charset_normalizer-3.5.2 cloudpickle-3.1.2 comm-0.2.3 datasets-3.6.0 debugpy-1.8.22 dill-0.3.8 executing-2.2.1 frozenlist-1.8.0 fsspec-2025.3.0 hf-xet-1.6.0 huggingface-hub-0.36.2 idna-3.20 ipykernel-7.4.0 ipython-9.17.1 ipython-pygments-lexers-1.1.1 jedi-0.20.0 joblib-1.6.0 jupyter-client-8.10.0 jupyter-core-5.9.1 matplotlib-inline-0.2.2 multidict-6.9.1 multiprocess-0.70.16 narwhals-2.26.0 nest-asyncio2-1.7.3 numpy-2.5.3 packaging-26.3 pandas-2.3.3 parso-0.8.7 pexpect-4.9.0 platformdirs-4.12.2 prompt_toolkit-3.0.53 propcache-0.5.4 psutil-7.2.2 ptyprocess-0.7.0 pure-eval-0.2.4 pyarrow-25.0.1 pygments-2.21.0 python-dateutil-2.9.0.post0 pytz-2026.4 pyyaml-6.0.3 pyzmq-27.2.0 regex-2026.9.29 requests-2.34.2 safetensors-0.8.0 scikit-learn-1.9.1 scipy-1.18.1 six-1.17.0 stack_data-0.6.3 threadpoolctl-3.7.0 tokenizers-0.22.2 tornado-6.5.10 tqdm-4.70.1 traitlets-5.16.1 transformers-4.57.6 tzdata-2026.5 urllib3-2.8.0 wcwidth-0.9.1 xxhash-4.0.1 yarl-1.25.1

[notice] A new release of pip is available: 25.0.1 -> 26.2.1
[notice] To update, run: python -m pip install --upgrade pip
